// Jest Snapshot v1, https://goo.gl/fbAQLP

exports[`Test dataparsing 1`] = `
Array [
  Object {
    "data": Array [
      -10,
      1.148660714285714,
    ],
    "x": -10,
  },
  Object {
    "data": Array [
      -15,
      1.1363839285714283,
    ],
    "x": -15,
  },
  Object {
    "data": Array [
      -20,
      1.1241071428571425,
    ],
    "x": -20,
  },
  Object {
    "data": Array [
      -25,
      1.111830357142857,
    ],
    "x": -25,
  },
  Object {
    "data": Array [
      -30,
      1.0995535714285714,
    ],
    "x": -30,
  },
  Object {
    "data": Array [
      -35,
      1.0872767857142855,
    ],
    "x": -35,
  },
  Object {
    "data": Array [
      -40,
      1.075,
    ],
    "x": -40,
  },
  Object {
    "data": Array [
      -45,
      1.0627232142857144,
    ],
    "x": -45,
  },
  Object {
    "data": Array [
      -50,
      1.0504464285714286,
    ],
    "x": -50,
  },
  Object {
    "data": Array [
      -56,
      1.0357142857142858,
    ],
    "x": -55,
  },
  Object {
    "data": Array [
      -62,
      1.0483870967741935,
    ],
    "x": -60,
  },
  Object {
    "data": Array [
      -65,
      1.0464431005760182,
    ],
    "x": -65,
  },
  Object {
    "data": Array [
      -71.66666666666667,
      1.0421231090245175,
    ],
    "x": -70,
  },
  Object {
    "data": Array [
      -75,
      1.0533333333333332,
    ],
    "x": -75,
  },
  Object {
    "data": Array [
      -80,
      1.0207843137254902,
    ],
    "x": -80,
  },
  Object {
    "data": Array [
      -85,
      0.9882352941176471,
    ],
    "x": -85,
  },
  Object {
    "data": Array [
      -94,
      0.9574468085106383,
    ],
    "x": -90,
  },
  Object {
    "data": Array [
      -95,
      0.9540258656654151,
    ],
    "x": -95,
  },
]
`;

exports[`Test dataparsing 2`] = `
Array [
  -74.0214126807564,
  -65,
  -58.00000000000001,
  -78.99999999999999,
  -84,
  -90,
  -75.11357746478873,
  -75.11357746478873,
  -43,
]
`;
